MediSync: Initializing Backend...
GROQ_API_KEY: Found (masked: gsk_QSA8...)
DATABASE_URL: file:./prisma/dev.db
node : node:events:486
At line:1 char:1
+ node server.js > 
error_log.txt 2>&1
+ ~~~~~~~~~~~~~~~~~~~~~~~~~~~~
~~~~~~~
    + CategoryInfo          : 
    NotSpecified: (node:even  
  ts:486:String) [], Remote   
 Exception
    + FullyQualifiedErrorId : 
    NativeCommandError
 
      throw er; // Unhandled 
'error' event
      ^

Error: listen EADDRINUSE: 
address already in use :::5000
    at 
Server.setupListenHandle [as 
_listen2] (node:net:1948:16)
    at listenInCluster 
(node:net:2005:12)
    at Server.listen 
(node:net:2110:7)
    at app.listen (C:\Users\AS
US\OneDrive\Documents\GitHub\M
ediSync\backend\node_modules\e
xpress\lib\application.js:635:
24)
    at file:///C:/Users/ASUS/O
neDrive/Documents/GitHub/MediS
ync/backend/server.js:556:5
    at ModuleJob.run (node:int
ernal/modules/esm/module_job:4
30:25)
    at async onImport.tracePro
mise.__proto__ (node:internal/
modules/esm/loader:661:26)
    at async asyncRunEntryPoin
tWithESMLoader (node:internal/
modules/run_main:101:5)
Emitted 'error' event on 
Server instance at:
    at emitErrorNT 
(node:net:1984:8)
    at process.processTicksAnd
Rejections (node:internal/proc
ess/task_queues:90:21) {
  code: 'EADDRINUSE',
  errno: -4091,
  syscall: 'listen',
  address: '::',
  port: 5000
}

Node.js v24.14.0
